light.c:15:6:Green_Red	8	static
light.c:23:6:Yellow_Red	8	static
light.c:31:6:Red_Green	8	static
light.c:39:6:Red_Yellow	8	static
light.c:48:6:timeredupdate	4	static
light.c:54:6:timegreenupdate	4	static
light.c:60:6:timeyellowupdate	4	static
light.c:67:6:setRedTime	16	static
light.c:70:6:setYellowTime	16	static
light.c:73:6:setGreenTime	16	static
light.c:77:6:clearTrafficLight	8	static
light.c:86:6:blinkRedLed	8	static
light.c:94:6:blinkYellowLed	8	static
light.c:102:6:blinkGreenLed	8	static
light.c:111:6:blinkAllLed	8	static
