../Core/Src/light.c:15:6:Green_Red	8	static
../Core/Src/light.c:23:6:Yellow_Red	8	static
../Core/Src/light.c:31:6:Red_Green	8	static
../Core/Src/light.c:39:6:Red_Yellow	8	static
../Core/Src/light.c:48:6:timeredupdate	4	static
../Core/Src/light.c:53:6:timegreenupdate	4	static
../Core/Src/light.c:59:6:timeyellowupdate	4	static
../Core/Src/light.c:66:6:setRedTime	16	static
../Core/Src/light.c:69:6:setYellowTime	16	static
../Core/Src/light.c:72:6:setGreenTime	16	static
../Core/Src/light.c:76:6:clearTrafficLight	8	static
../Core/Src/light.c:85:6:blinkRedLed	8	static
../Core/Src/light.c:93:6:blinkYellowLed	8	static
../Core/Src/light.c:101:6:blinkGreenLed	8	static
../Core/Src/light.c:110:6:blinkAllLed	8	static
