Archive member included to satisfy reference by file (symbol)

c:/users/dell/desktop/new folder/vi xu ly/stm32cubeide_1.7.0/stm32cubeide/plugins/com.st.stm32cube.ide.mcu.externaltools.gnu-tools-for-stm32.9-2020-q2-update.win32_2.0.0.202105311346/tools/bin/../lib/gcc/arm-none-eabi/9.3.1/../../../../arm-none-eabi/lib/thumb/v7-m/nofp\libc_nano.a(lib_a-errno.o)
                              ./Core/Src/syscalls.o (__errno)
c:/users/dell/desktop/new folder/vi xu ly/stm32cubeide_1.7.0/stm32cubeide/plugins/com.st.stm32cube.ide.mcu.externaltools.gnu-tools-for-stm32.9-2020-q2-update.win32_2.0.0.202105311346/tools/bin/../lib/gcc/arm-none-eabi/9.3.1/../../../../arm-none-eabi/lib/thumb/v7-m/nofp\libc_nano.a(lib_a-exit.o)
                              c:/users/dell/desktop/new folder/vi xu ly/stm32cubeide_1.7.0/stm32cubeide/plugins/com.st.stm32cube.ide.mcu.externaltools.gnu-tools-for-stm32.9-2020-q2-update.win32_2.0.0.202105311346/tools/bin/../lib/gcc/arm-none-eabi/9.3.1/../../../../arm-none-eabi/lib/thumb/v7-m/nofp/crt0.o (exit)
c:/users/dell/desktop/new folder/vi xu ly/stm32cubeide_1.7.0/stm32cubeide/plugins/com.st.stm32cube.ide.mcu.externaltools.gnu-tools-for-stm32.9-2020-q2-update.win32_2.0.0.202105311346/tools/bin/../lib/gcc/arm-none-eabi/9.3.1/../../../../arm-none-eabi/lib/thumb/v7-m/nofp\libc_nano.a(lib_a-impure.o)
                              c:/users/dell/desktop/new folder/vi xu ly/stm32cubeide_1.7.0/stm32cubeide/plugins/com.st.stm32cube.ide.mcu.externaltools.gnu-tools-for-stm32.9-2020-q2-update.win32_2.0.0.202105311346/tools/bin/../lib/gcc/arm-none-eabi/9.3.1/../../../../arm-none-eabi/lib/thumb/v7-m/nofp\libc_nano.a(lib_a-exit.o) (_global_impure_ptr)
c:/users/dell/desktop/new folder/vi xu ly/stm32cubeide_1.7.0/stm32cubeide/plugins/com.st.stm32cube.ide.mcu.externaltools.gnu-tools-for-stm32.9-2020-q2-update.win32_2.0.0.202105311346/tools/bin/../lib/gcc/arm-none-eabi/9.3.1/../../../../arm-none-eabi/lib/thumb/v7-m/nofp\libc_nano.a(lib_a-init.o)
                              c:/users/dell/desktop/new folder/vi xu ly/stm32cubeide_1.7.0/stm32cubeide/plugins/com.st.stm32cube.ide.mcu.externaltools.gnu-tools-for-stm32.9-2020-q2-update.win32_2.0.0.202105311346/tools/bin/../lib/gcc/arm-none-eabi/9.3.1/../../../../arm-none-eabi/lib/thumb/v7-m/nofp/crt0.o (__libc_init_array)
c:/users/dell/desktop/new folder/vi xu ly/stm32cubeide_1.7.0/stm32cubeide/plugins/com.st.stm32cube.ide.mcu.externaltools.gnu-tools-for-stm32.9-2020-q2-update.win32_2.0.0.202105311346/tools/bin/../lib/gcc/arm-none-eabi/9.3.1/../../../../arm-none-eabi/lib/thumb/v7-m/nofp\libc_nano.a(lib_a-memset.o)
                              c:/users/dell/desktop/new folder/vi xu ly/stm32cubeide_1.7.0/stm32cubeide/plugins/com.st.stm32cube.ide.mcu.externaltools.gnu-tools-for-stm32.9-2020-q2-update.win32_2.0.0.202105311346/tools/bin/../lib/gcc/arm-none-eabi/9.3.1/../../../../arm-none-eabi/lib/thumb/v7-m/nofp/crt0.o (memset)

Allocating common symbols
Common symbol       size              file

timer_counter       0x28              ./Core/Src/software_timer.o
uwTick              0x4               ./Drivers/STM32F1xx_HAL_Driver/Src/stm32f1xx_hal.o
pFlash              0x20              ./Drivers/STM32F1xx_HAL_Driver/Src/stm32f1xx_hal_flash.o
button_flag         0x28              ./Core/Src/button.o
button_pressed      0x28              ./Core/Src/button.o
timer_flag          0x28              ./Core/Src/software_timer.o
htim2               0x48              ./Core/Src/main.o
button_long_pressed
                    0x28              ./Core/Src/button.o

Discarded input sections

 .text          0x0000000000000000        0x0 c:/users/dell/desktop/new folder/vi xu ly/stm32cubeide_1.7.0/stm32cubeide/plugins/com.st.stm32cube.ide.mcu.externaltools.gnu-tools-for-stm32.9-2020-q2-update.win32_2.0.0.202105311346/tools/bin/../lib/gcc/arm-none-eabi/9.3.1/thumb/v7-m/nofp/crti.o
 .data          0x0000000000000000        0x0 c:/users/dell/desktop/new folder/vi xu ly/stm32cubeide_1.7.0/stm32cubeide/plugins/com.st.stm32cube.ide.mcu.externaltools.gnu-tools-for-stm32.9-2020-q2-update.win32_2.0.0.202105311346/tools/bin/../lib/gcc/arm-none-eabi/9.3.1/thumb/v7-m/nofp/crti.o
 .bss           0x0000000000000000        0x0 c:/users/dell/desktop/new folder/vi xu ly/stm32cubeide_1.7.0/stm32cubeide/plugins/com.st.stm32cube.ide.mcu.externaltools.gnu-tools-for-stm32.9-2020-q2-update.win32_2.0.0.202105311346/tools/bin/../lib/gcc/arm-none-eabi/9.3.1/thumb/v7-m/nofp/crti.o
 .data          0x0000000000000000        0x4 c:/users/dell/desktop/new folder/vi xu ly/stm32cubeide_1.7.0/stm32cubeide/plugins/com.st.stm32cube.ide.mcu.externaltools.gnu-tools-for-stm32.9-2020-q2-update.win32_2.0.0.202105311346/tools/bin/../lib/gcc/arm-none-eabi/9.3.1/thumb/v7-m/nofp/crtbegin.o
[...]
Memory Configuration

Name             Origin             Length             Attributes
RAM              0x0000000020000000 0x0000000000002800 xrw
FLASH            0x0000000008000000 0x0000000000008000 xr
*default*        0x0000000000000000 0xffffffffffffffff

Linker script and memory map

LOAD c:/users/dell/desktop/new folder/vi xu ly/stm32cubeide_1.7.0/stm32cubeide/plugins/com.st.stm32cube.ide.mcu.externaltools.gnu-tools-for-stm32.9-2020-q2-update.win32_2.0.0.202105311346/tools/bin/../lib/gcc/arm-none-eabi/9.3.1/thumb/v7-m/nofp/crti.o
LOAD c:/users/dell/desktop/new folder/vi xu ly/stm32cubeide_1.7.0/stm32cubeide/plugins/com.st.stm32cube.ide.mcu.externaltools.gnu-tools-for-stm32.9-2020-q2-update.win32_2.0.0.202105311346/tools/bin/../lib/gcc/arm-none-eabi/9.3.1/thumb/v7-m/nofp/crtbegin.o
LOAD c:/users/dell/desktop/new folder/vi xu ly/stm32cubeide_1.7.0/stm32cubeide/plugins/com.st.stm32cube.ide.mcu.externaltools.gnu-tools-for-stm32.9-2020-q2-update.win32_2.0.0.202105311346/tools/bin/../lib/gcc/arm-none-eabi/9.3.1/../../../../arm-none-eabi/lib/thumb/v7-m/nofp/crt0.o
LOAD ./Core/Src/7SEG.o
LOAD ./Core/Src/button.o
LOAD ./Core/Src/fsm_automatic.o
LOAD ./Core/Src/fsm_manual.o
LOAD ./Core/Src/fsm_setting.o
LOAD ./Core/Src/global.o
LOAD ./Core/Src/light.o
LOAD ./Core/Src/main.o
LOAD ./Core/Src/software_timer.o
LOAD ./Core/Src/stm32f1xx_hal_msp.o
LOAD ./Core/Src/stm32f1xx_it.o
LOAD ./Core/Src/syscalls.o
LOAD ./Core/Src/sysmem.o
LOAD ./Core/Src/system_stm32f1xx.o
LOAD ./Core/Startup/startup_stm32f103c6ux.o
LOAD ./Drivers/STM32F1xx_HAL_Driver/Src/stm32f1xx_hal.o
LOAD ./Drivers/STM32F1xx_HAL_Driver/Src/stm32f1xx_hal_cortex.o
LOAD ./Drivers/STM32F1xx_HAL_Driver/Src/stm32f1xx_hal_dma.o
LOAD ./Drivers/STM32F1xx_HAL_Driver/Src/stm32f1xx_hal_exti.o
LOAD ./Drivers/STM32F1xx_HAL_Driver/Src/stm32f1xx_hal_flash.o
LOAD ./Drivers/STM32F1xx_HAL_Driver/Src/stm32f1xx_hal_flash_ex.o
LOAD ./Drivers/STM32F1xx_HAL_Driver/Src/stm32f1xx_hal_gpio.o
LOAD ./Drivers/STM32F1xx_HAL_Driver/Src/stm32f1xx_hal_gpio_ex.o
LOAD ./Drivers/STM32F1xx_HAL_Driver/Src/stm32f1xx_hal_pwr.o
LOAD ./Drivers/STM32F1xx_HAL_Driver/Src/stm32f1xx_hal_rcc.o
LOAD ./Drivers/STM32F1xx_HAL_Driver/Src/stm32f1xx_hal_rcc_ex.o
LOAD ./Drivers/STM32F1xx_HAL_Driver/Src/stm32f1xx_hal_tim.o
LOAD ./Drivers/STM32F1xx_HAL_Driver/Src/stm32f1xx_hal_tim_ex.o
START GROUP
LOAD c:/users/dell/desktop/new folder/vi xu ly/stm32cubeide_1.7.0/stm32cubeide/plugins/com.st.stm32cube.ide.mcu.externaltools.gnu-tools-for-stm32.9-2020-q2-update.win32_2.0.0.202105311346/tools/bin/../lib/gcc/arm-none-eabi/9.3.1/../../../../arm-none-eabi/lib/thumb/v7-m/nofp\libc_nano.a
LOAD c:/users/dell/desktop/new folder/vi xu ly/stm32cubeide_1.7.0/stm32cubeide/plugins/com.st.stm32cube.ide.mcu.externaltools.gnu-tools-for-stm32.9-2020-q2-update.win32_2.0.0.202105311346/tools/bin/../lib/gcc/arm-none-eabi/9.3.1/../../../../arm-none-eabi/lib/thumb/v7-m/nofp\libm.a
END GROUP
START GROUP
LOAD c:/users/dell/desktop/new folder/vi xu ly/stm32cubeide_1.7.0/stm32cubeide/plugins/com.st.stm32cube.ide.mcu.externaltools.gnu-tools-for-stm32.9-2020-q2-update.win32_2.0.0.202105311346/tools/bin/../lib/gcc/arm-none-eabi/9.3.1/thumb/v7-m/nofp\libgcc.a
LOAD c:/users/dell/desktop/new folder/vi xu ly/stm32cubeide_1.7.0/stm32cubeide/plugins/com.st.stm32cube.ide.mcu.externaltools.gnu-tools-for-stm32.9-2020-q2-update.win32_2.0.0.202105311346/tools/bin/../lib/gcc/arm-none-eabi/9.3.1/../../../../arm-none-eabi/lib/thumb/v7-m/nofp\libc_nano.a
END GROUP
START GROUP
LOAD c:/users/dell/desktop/new folder/vi xu ly/stm32cubeide_1.7.0/stm32cubeide/plugins/com.st.stm32cube.ide.mcu.externaltools.gnu-tools-for-stm32.9-2020-q2-update.win32_2.0.0.202105311346/tools/bin/../lib/gcc/arm-none-eabi/9.3.1/thumb/v7-m/nofp\libgcc.a
LOAD c:/users/dell/desktop/new folder/vi xu ly/stm32cubeide_1.7.0/stm32cubeide/plugins/com.st.stm32cube.ide.mcu.externaltools.gnu-tools-for-stm32.9-2020-q2-update.win32_2.0.0.202105311346/tools/bin/../lib/gcc/arm-none-eabi/9.3.1/../../../../arm-none-eabi/lib/thumb/v7-m/nofp\libc_nano.a
LOAD c:/users/dell/desktop/new folder/vi xu ly/stm32cubeide_1.7.0/stm32cubeide/plugins/com.st.stm32cube.ide.mcu.externaltools.gnu-tools-for-stm32.9-2020-q2-update.win32_2.0.0.202105311346/tools/bin/../lib/gcc/arm-none-eabi/9.3.1/../../../../arm-none-eabi/lib/thumb/v7-m/nofp\libnosys.a
END GROUP
START GROUP
LOAD c:/users/dell/desktop/new folder/vi xu ly/stm32cubeide_1.7.0/stm32cubeide/plugins/com.st.stm32cube.ide.mcu.externaltools.gnu-tools-for-stm32.9-2020-q2-update.win32_2.0.0.202105311346/tools/bin/../lib/gcc/arm-none-eabi/9.3.1/thumb/v7-m/nofp\libgcc.a
LOAD c:/users/dell/desktop/new folder/vi xu ly/stm32cubeide_1.7.0/stm32cubeide/plugins/com.st.stm32cube.ide.mcu.externaltools.gnu-tools-for-stm32.9-2020-q2-update.win32_2.0.0.202105311346/tools/bin/../lib/gcc/arm-none-eabi/9.3.1/../../../../arm-none-eabi/lib/thumb/v7-m/nofp\libc_nano.a
LOAD c:/users/dell/desktop/new folder/vi xu ly/stm32cubeide_1.7.0/stm32cubeide/plugins/com.st.stm32cube.ide.mcu.externaltools.gnu-tools-for-stm32.9-2020-q2-update.win32_2.0.0.202105311346/tools/bin/../lib/gcc/arm-none-eabi/9.3.1/../../../../arm-none-eabi/lib/thumb/v7-m/nofp\libnosys.a
END GROUP
LOAD c:/users/dell/desktop/new folder/vi xu ly/stm32cubeide_1.7.0/stm32cubeide/plugins/com.st.stm32cube.ide.mcu.externaltools.gnu-tools-for-stm32.9-2020-q2-update.win32_2.0.0.202105311346/tools/bin/../lib/gcc/arm-none-eabi/9.3.1/thumb/v7-m/nofp/crtend.o
LOAD c:/users/dell/desktop/new folder/vi xu ly/stm32cubeide_1.7.0/stm32cubeide/plugins/com.st.stm32cube.ide.mcu.externaltools.gnu-tools-for-stm32.9-2020-q2-update.win32_2.0.0.202105311346/tools/bin/../lib/gcc/arm-none-eabi/9.3.1/thumb/v7-m/nofp/crtn.o
                0x0000000020002800                _estack = (ORIGIN (RAM) + LENGTH (RAM))
                0x0000000000000200                _Min_Heap_Size = 0x200
                0x0000000000000400                _Min_Stack_Size = 0x400

.isr_vector     0x0000000008000000      0x10c
                0x0000000008000000                . = ALIGN (0x4)
 *(.isr_vector)
 .isr_vector    0x0000000008000000      0x10c ./Core/Startup/startup_stm32f103c6ux.o
                0x0000000008000000                g_pfnVectors
                0x000000000800010c                . = ALIGN (0x4)

.text           0x000000000800010c     0x29e8
                0x000000000800010c                . = ALIGN (0x4)
 *(.text)
 .text          0x000000000800010c       0x40 c:/users/dell/desktop/new folder/vi xu ly/stm32cubeide_1.7.0/stm32cubeide/plugins/com.st.stm32cube.ide.mcu.externaltools.gnu-tools-for-stm32.9-2020-q2-update.win32_2.0.0.202105311346/tools/bin/../lib/gcc/arm-none-eabi/9.3.1/thumb/v7-m/nofp/crtbegin.o
 *(.text*)
 .text.resetAllDigits
                0x000000000800014c       0x34 ./Core/Src/7SEG.o
                0x000000000800014c                resetAllDigits
 .text.setNum2Digit
                0x0000000008000180       0x88 ./Core/Src/7SEG.o
                0x0000000008000180                setNum2Digit
 .text.display7SEG
                0x0000000008000208      0x150 ./Core/Src/7SEG.o
                0x0000000008000208                display7SEG
 .text.update7SEG
                0x0000000008000358       0x94 ./Core/Src/7SEG.o
                0x0000000008000358                update7SEG
 .text.BufferHorizontal
                0x00000000080003ec       0x60 ./Core/Src/7SEG.o
                0x00000000080003ec                BufferHorizontal
 .text.BufferVertical
                0x000000000800044c       0x60 ./Core/Src/7SEG.o
                0x000000000800044c                BufferVertical
 .text.isButtonPressed
                0x00000000080004ac       0x34 ./Core/Src/button.o
                0x00000000080004ac                isButtonPressed
 .text.getKeyInput
                0x00000000080004e0      0x18c ./Core/Src/button.o
                0x00000000080004e0                getKeyInput
 .text.updateBuffer
                0x000000000800066c       0x1e ./Core/Src/fsm_automatic.o
                0x000000000800066c                updateBuffer
 *fill*         0x000000000800068a        0x2 
 .text.updateCountdownAndResetTimer
                0x000000000800068c       0x50 ./Core/Src/fsm_automatic.o
                0x000000000800068c                updateCountdownAndResetTimer
 .text.switchToManualMode
                0x00000000080006dc       0x20 ./Core/Src/fsm_automatic.o
                0x00000000080006dc                switchToManualMode
 .text.fsm_automatic_run
                0x00000000080006fc      0x218 ./Core/Src/fsm_automatic.o
                0x00000000080006fc                fsm_automatic_run
 .text.fsm_manual_run
                0x0000000008000914      0x314 ./Core/Src/fsm_manual.o
                0x0000000008000914                fsm_manual_run
 .text.fsm_setting_run
                0x0000000008000c28       0x80 ./Core/Src/fsm_setting.o
                0x0000000008000c28                fsm_setting_run
 .text.Green_Red
                0x0000000008000ca8       0x48 ./Core/Src/light.o
                0x0000000008000ca8                Green_Red
 .text.Yellow_Red
                0x0000000008000cf0       0x48 ./Core/Src/light.o
                0x0000000008000cf0                Yellow_Red
 .text.Red_Green
                0x0000000008000d38       0x48 ./Core/Src/light.o
                0x0000000008000d38                Red_Green
 .text.Red_Yellow
                0x0000000008000d80       0x48 ./Core/Src/light.o
                0x0000000008000d80                Red_Yellow
 .text.timeredupdate
                0x0000000008000dc8       0x30 ./Core/Src/light.o
                0x0000000008000dc8                timeredupdate
 .text.timegreenupdate
                0x0000000008000df8       0x30 ./Core/Src/light.o
                0x0000000008000df8                timegreenupdate
 .text.timeyellowupdate
                0x0000000008000e28       0x40 ./Core/Src/light.o
                0x0000000008000e28                timeyellowupdate
 .text.setRedTime
                0x0000000008000e68       0x1c ./Core/Src/light.o
                0x0000000008000e68                setRedTime
 .text.setYellowTime
                0x0000000008000e84       0x1c ./Core/Src/light.o
                0x0000000008000e84                setYellowTime
 .text.setGreenTime
                0x0000000008000ea0       0x1c ./Core/Src/light.o
                0x0000000008000ea0                setGreenTime
 .text.clearTrafficLight
                0x0000000008000ebc       0x48 ./Core/Src/light.o
                0x0000000008000ebc                clearTrafficLight
 .text.blinkRedLed
                0x0000000008000f04       0x44 ./Core/Src/light.o
                0x0000000008000f04                blinkRedLed
 .text.blinkYellowLed
                0x0000000008000f48       0x44 ./Core/Src/light.o
                0x0000000008000f48                blinkYellowLed
 .text.blinkGreenLed
                0x0000000008000f8c       0x44 ./Core/Src/light.o
                0x0000000008000f8c                blinkGreenLed
 .text.blinkAllLed
                0x0000000008000fd0       0x3c ./Core/Src/light.o
                0x0000000008000fd0                blinkAllLed
 .text.main     0x000000000800100c       0x6c ./Core/Src/main.o
                0x000000000800100c                main
 .text.SystemClock_Config
                0x0000000008001078       0x76 ./Core/Src/main.o
                0x0000000008001078                SystemClock_Config
 *fill*         0x00000000080010ee        0x2 
 .text.MX_TIM2_Init
                0x00000000080010f0       0x98 ./Core/Src/main.o
 .text.MX_GPIO_Init
                0x0000000008001188       0xc4 ./Core/Src/main.o
 .text.HAL_TIM_PeriodElapsedCallback
                0x000000000800124c       0x54 ./Core/Src/main.o
                0x000000000800124c                HAL_TIM_PeriodElapsedCallback
 .text.Error_Handler
                0x00000000080012a0        0xa ./Core/Src/main.o
                0x00000000080012a0                Error_Handler
 *fill*         0x00000000080012aa        0x2 
 .text.setTimer
                0x00000000080012ac       0x3c ./Core/Src/software_timer.o
                0x00000000080012ac                setTimer
 .text.timerRun
                0x00000000080012e8       0x60 ./Core/Src/software_timer.o
                0x00000000080012e8                timerRun
 .text.HAL_MspInit
                0x0000000008001348       0x64 ./Core/Src/stm32f1xx_hal_msp.o
                0x0000000008001348                HAL_MspInit
 .text.HAL_TIM_Base_MspInit
                0x00000000080013ac       0x48 ./Core/Src/stm32f1xx_hal_msp.o
                0x00000000080013ac                HAL_TIM_Base_MspInit
 .text.NMI_Handler
                0x00000000080013f4        0x6 ./Core/Src/stm32f1xx_it.o
                0x00000000080013f4                NMI_Handler
 .text.HardFault_Handler
                0x00000000080013fa        0x6 ./Core/Src/stm32f1xx_it.o
                0x00000000080013fa                HardFault_Handler
 .text.MemManage_Handler
                0x0000000008001400        0x6 ./Core/Src/stm32f1xx_it.o
                0x0000000008001400                MemManage_Handler
 .text.BusFault_Handler
                0x0000000008001406        0x6 ./Core/Src/stm32f1xx_it.o
                0x0000000008001406                BusFault_Handler
 .text.UsageFault_Handler
                0x000000000800140c        0x6 ./Core/Src/stm32f1xx_it.o
                0x000000000800140c                UsageFault_Handler
 .text.SVC_Handler
                0x0000000008001412        0xc ./Core/Src/stm32f1xx_it.o
                0x0000000008001412                SVC_Handler
 .text.DebugMon_Handler
                0x000000000800141e        0xc ./Core/Src/stm32f1xx_it.o
                0x000000000800141e                DebugMon_Handler
 .text.PendSV_Handler
                0x000000000800142a        0xc ./Core/Src/stm32f1xx_it.o
                0x000000000800142a                PendSV_Handler
 .text.SysTick_Handler
                0x0000000008001436        0xc ./Core/Src/stm32f1xx_it.o
                0x0000000008001436                SysTick_Handler
 *fill*         0x0000000008001442        0x2 
 .text.TIM2_IRQHandler
                0x0000000008001444       0x14 ./Core/Src/stm32f1xx_it.o
                0x0000000008001444                TIM2_IRQHandler
 .text.SystemInit
                0x0000000008001458        0xc ./Core/Src/system_stm32f1xx.o
                0x0000000008001458                SystemInit
 .text.Reset_Handler
                0x0000000008001464       0x48 ./Core/Startup/startup_stm32f103c6ux.o
                0x0000000008001464                Reset_Handler
 .text.Default_Handler
                0x00000000080014ac        0x2 ./Core/Startup/startup_stm32f103c6ux.o
                0x00000000080014ac                RTC_Alarm_IRQHandler
                0x00000000080014ac                EXTI2_IRQHandler
                0x00000000080014ac                TIM1_CC_IRQHandler
                0x00000000080014ac                PVD_IRQHandler
                0x00000000080014ac                EXTI3_IRQHandler
                0x00000000080014ac                EXTI0_IRQHandler
                0x00000000080014ac                ADC1_2_IRQHandler
                0x00000000080014ac                SPI1_IRQHandler
                0x00000000080014ac                TAMPER_IRQHandler
                0x00000000080014ac                DMA1_Channel4_IRQHandler
                0x00000000080014ac                RTC_IRQHandler
                0x00000000080014ac                DMA1_Channel7_IRQHandler
                0x00000000080014ac                CAN1_RX1_IRQHandler
                0x00000000080014ac                I2C1_EV_IRQHandler
                0x00000000080014ac                DMA1_Channel6_IRQHandler
                0x00000000080014ac                TIM3_IRQHandler
                0x00000000080014ac                RCC_IRQHandler
                0x00000000080014ac                TIM1_TRG_COM_IRQHandler
                0x00000000080014ac                DMA1_Channel1_IRQHandler
                0x00000000080014ac                Default_Handler
                0x00000000080014ac                EXTI15_10_IRQHandler
                0x00000000080014ac                EXTI9_5_IRQHandler
                0x00000000080014ac                DMA1_Channel5_IRQHandler
                0x00000000080014ac                EXTI4_IRQHandler
                0x00000000080014ac                USB_LP_CAN1_RX0_IRQHandler
                0x00000000080014ac                USB_HP_CAN1_TX_IRQHandler
                0x00000000080014ac                DMA1_Channel3_IRQHandler
                0x00000000080014ac                TIM1_UP_IRQHandler
                0x00000000080014ac                WWDG_IRQHandler
                0x00000000080014ac                TIM1_BRK_IRQHandler
                0x00000000080014ac                EXTI1_IRQHandler
                0x00000000080014ac                USART2_IRQHandler
                0x00000000080014ac                DMA1_Channel2_IRQHandler
                0x00000000080014ac                CAN1_SCE_IRQHandler
                0x00000000080014ac                FLASH_IRQHandler
                0x00000000080014ac                USART1_IRQHandler
                0x00000000080014ac                I2C1_ER_IRQHandler
                0x00000000080014ac                USBWakeUp_IRQHandler
 *fill*         0x00000000080014ae        0x2 
 .text.HAL_Init
                0x00000000080014b0       0x2c ./Drivers/STM32F1xx_HAL_Driver/Src/stm32f1xx_hal.o
                0x00000000080014b0                HAL_Init
 .text.HAL_InitTick
                0x00000000080014dc       0x60 ./Drivers/STM32F1xx_HAL_Driver/Src/stm32f1xx_hal.o
                0x00000000080014dc                HAL_InitTick
 .text.HAL_IncTick
                0x000000000800153c       0x24 ./Drivers/STM32F1xx_HAL_Driver/Src/stm32f1xx_hal.o
                0x000000000800153c                HAL_IncTick
 .text.HAL_GetTick
                0x0000000008001560       0x14 ./Drivers/STM32F1xx_HAL_Driver/Src/stm32f1xx_hal.o
                0x0000000008001560                HAL_GetTick
 .text.__NVIC_SetPriorityGrouping
                0x0000000008001574       0x48 ./Drivers/STM32F1xx_HAL_Driver/Src/stm32f1xx_hal_cortex.o
 .text.__NVIC_GetPriorityGrouping
                0x00000000080015bc       0x1c ./Drivers/STM32F1xx_HAL_Driver/Src/stm32f1xx_hal_cortex.o
 .text.__NVIC_EnableIRQ
                0x00000000080015d8       0x38 ./Drivers/STM32F1xx_HAL_Driver/Src/stm32f1xx_hal_cortex.o
 .text.__NVIC_SetPriority
                0x0000000008001610       0x54 ./Drivers/STM32F1xx_HAL_Driver/Src/stm32f1xx_hal_cortex.o
 .text.NVIC_EncodePriority
                0x0000000008001664       0x64 ./Drivers/STM32F1xx_HAL_Driver/Src/stm32f1xx_hal_cortex.o
 .text.SysTick_Config
                0x00000000080016c8       0x44 ./Drivers/STM32F1xx_HAL_Driver/Src/stm32f1xx_hal_cortex.o
 .text.HAL_NVIC_SetPriorityGrouping
                0x000000000800170c       0x16 ./Drivers/STM32F1xx_HAL_Driver/Src/stm32f1xx_hal_cortex.o
                0x000000000800170c                HAL_NVIC_SetPriorityGrouping
 .text.HAL_NVIC_SetPriority
                0x0000000008001722       0x38 ./Drivers/STM32F1xx_HAL_Driver/Src/stm32f1xx_hal_cortex.o
                0x0000000008001722                HAL_NVIC_SetPriority
 .text.HAL_NVIC_EnableIRQ
                0x000000000800175a       0x1c ./Drivers/STM32F1xx_HAL_Driver/Src/stm32f1xx_hal_cortex.o
                0x000000000800175a                HAL_NVIC_EnableIRQ
 .text.HAL_SYSTICK_Config
                0x0000000008001776       0x18 ./Drivers/STM32F1xx_HAL_Driver/Src/stm32f1xx_hal_cortex.o
                0x0000000008001776                HAL_SYSTICK_Config
 *fill*         0x000000000800178e        0x2 
 .text.HAL_GPIO_Init
                0x0000000008001790      0x2f4 ./Drivers/STM32F1xx_HAL_Driver/Src/stm32f1xx_hal_gpio.o
                0x0000000008001790                HAL_GPIO_Init
 .text.HAL_GPIO_ReadPin
                0x0000000008001a84       0x2e ./Drivers/STM32F1xx_HAL_Driver/Src/stm32f1xx_hal_gpio.o
                0x0000000008001a84                HAL_GPIO_ReadPin
 .text.HAL_GPIO_WritePin
                0x0000000008001ab2       0x30 ./Drivers/STM32F1xx_HAL_Driver/Src/stm32f1xx_hal_gpio.o
                0x0000000008001ab2                HAL_GPIO_WritePin
 .text.HAL_GPIO_TogglePin
                0x0000000008001ae2       0x32 ./Drivers/STM32F1xx_HAL_Driver/Src/stm32f1xx_hal_gpio.o
                0x0000000008001ae2                HAL_GPIO_TogglePin
 .text.HAL_RCC_OscConfig
                0x0000000008001b14      0x500 ./Drivers/STM32F1xx_HAL_Driver/Src/stm32f1xx_hal_rcc.o
                0x0000000008001b14                HAL_RCC_OscConfig
 .text.HAL_RCC_ClockConfig
                0x0000000008002014      0x1d4 ./Drivers/STM32F1xx_HAL_Driver/Src/stm32f1xx_hal_rcc.o
                0x0000000008002014                HAL_RCC_ClockConfig
 .text.HAL_RCC_GetSysClockFreq
                0x00000000080021e8       0xa8 ./Drivers/STM32F1xx_HAL_Driver/Src/stm32f1xx_hal_rcc.o
                0x00000000080021e8                HAL_RCC_GetSysClockFreq
 .text.RCC_Delay
                0x0000000008002290       0x3c ./Drivers/STM32F1xx_HAL_Driver/Src/stm32f1xx_hal_rcc.o
 .text.HAL_TIM_Base_Init
                0x00000000080022cc       0x9e ./Drivers/STM32F1xx_HAL_Driver/Src/stm32f1xx_hal_tim.o
                0x00000000080022cc                HAL_TIM_Base_Init
 *fill*         0x000000000800236a        0x2 
 .text.HAL_TIM_Base_Start_IT
                0x000000000800236c       0x98 ./Drivers/STM32F1xx_HAL_Driver/Src/stm32f1xx_hal_tim.o
                0x000000000800236c                HAL_TIM_Base_Start_IT
 .text.HAL_TIM_IRQHandler
                0x0000000008002404      0x1e0 ./Drivers/STM32F1xx_HAL_Driver/Src/stm32f1xx_hal_tim.o
                0x0000000008002404                HAL_TIM_IRQHandler
 .text.HAL_TIM_ConfigClockSource
                0x00000000080025e4      0x18e ./Drivers/STM32F1xx_HAL_Driver/Src/stm32f1xx_hal_tim.o
                0x00000000080025e4                HAL_TIM_ConfigClockSource
 .text.HAL_TIM_OC_DelayElapsedCallback
                0x0000000008002772       0x12 ./Drivers/STM32F1xx_HAL_Driver/Src/stm32f1xx_hal_tim.o
                0x0000000008002772                HAL_TIM_OC_DelayElapsedCallback
 .text.HAL_TIM_IC_CaptureCallback
                0x0000000008002784       0x12 ./Drivers/STM32F1xx_HAL_Driver/Src/stm32f1xx_hal_tim.o
                0x0000000008002784                HAL_TIM_IC_CaptureCallback
 .text.HAL_TIM_PWM_PulseFinishedCallback
                0x0000000008002796       0x12 ./Drivers/STM32F1xx_HAL_Driver/Src/stm32f1xx_hal_tim.o
                0x0000000008002796                HAL_TIM_PWM_PulseFinishedCallback
 .text.HAL_TIM_TriggerCallback
                0x00000000080027a8       0x12 ./Drivers/STM32F1xx_HAL_Driver/Src/stm32f1xx_hal_tim.o
                0x00000000080027a8                HAL_TIM_TriggerCallback
 *fill*         0x00000000080027ba        0x2 
 .text.TIM_Base_SetConfig
                0x00000000080027bc       0xc8 ./Drivers/STM32F1xx_HAL_Driver/Src/stm32f1xx_hal_tim.o
                0x00000000080027bc                TIM_Base_SetConfig
 .text.TIM_TI1_ConfigInputStage
                0x0000000008002884       0x5c ./Drivers/STM32F1xx_HAL_Driver/Src/stm32f1xx_hal_tim.o
 .text.TIM_TI2_ConfigInputStage
                0x00000000080028e0       0x5e ./Drivers/STM32F1xx_HAL_Driver/Src/stm32f1xx_hal_tim.o
 .text.TIM_ITRx_SetConfig
                0x000000000800293e       0x34 ./Drivers/STM32F1xx_HAL_Driver/Src/stm32f1xx_hal_tim.o
 .text.TIM_ETR_SetConfig
                0x0000000008002972       0x3e ./Drivers/STM32F1xx_HAL_Driver/Src/stm32f1xx_hal_tim.o
                0x0000000008002972                TIM_ETR_SetConfig
 .text.HAL_TIMEx_MasterConfigSynchronization
                0x00000000080029b0       0xb0 ./Drivers/STM32F1xx_HAL_Driver/Src/stm32f1xx_hal_tim_ex.o
                0x00000000080029b0                HAL_TIMEx_MasterConfigSynchronization
 .text.HAL_TIMEx_CommutCallback
                0x0000000008002a60       0x12 ./Drivers/STM32F1xx_HAL_Driver/Src/stm32f1xx_hal_tim_ex.o
                0x0000000008002a60                HAL_TIMEx_CommutCallback
 .text.HAL_TIMEx_BreakCallback
                0x0000000008002a72       0x12 ./Drivers/STM32F1xx_HAL_Driver/Src/stm32f1xx_hal_tim_ex.o
                0x0000000008002a72                HAL_TIMEx_BreakCallback
 .text.__libc_init_array
                0x0000000008002a84       0x48 c:/users/dell/desktop/new folder/vi xu ly/stm32cubeide_1.7.0/stm32cubeide/plugins/com.st.stm32cube.ide.mcu.externaltools.gnu-tools-for-stm32.9-2020-q2-update.win32_2.0.0.202105311346/tools/bin/../lib/gcc/arm-none-eabi/9.3.1/../../../../arm-none-eabi/lib/thumb/v7-m/nofp\libc_nano.a(lib_a-init.o)
                0x0000000008002a84                __libc_init_array
 .text.memset   0x0000000008002acc       0x10 c:/users/dell/desktop/new folder/vi xu ly/stm32cubeide_1.7.0/stm32cubeide/plugins/com.st.stm32cube.ide.mcu.externaltools.gnu-tools-for-stm32.9-2020-q2-update.win32_2.0.0.202105311346/tools/bin/../lib/gcc/arm-none-eabi/9.3.1/../../../../arm-none-eabi/lib/thumb/v7-m/nofp\libc_nano.a(lib_a-memset.o)
                0x0000000008002acc                memset
 *(.glue_7)
 .glue_7        0x0000000008002adc        0x0 linker stubs
 *(.glue_7t)
 .glue_7t       0x0000000008002adc        0x0 linker stubs
 *(.eh_frame)
 .eh_frame      0x0000000008002adc        0x0 c:/users/dell/desktop/new folder/vi xu ly/stm32cubeide_1.7.0/stm32cubeide/plugins/com.st.stm32cube.ide.mcu.externaltools.gnu-tools-for-stm32.9-2020-q2-update.win32_2.0.0.202105311346/tools/bin/../lib/gcc/arm-none-eabi/9.3.1/thumb/v7-m/nofp/crtbegin.o
 *(.init)
 .init          0x0000000008002adc        0x4 c:/users/dell/desktop/new folder/vi xu ly/stm32cubeide_1.7.0/stm32cubeide/plugins/com.st.stm32cube.ide.mcu.externaltools.gnu-tools-for-stm32.9-2020-q2-update.win32_2.0.0.202105311346/tools/bin/../lib/gcc/arm-none-eabi/9.3.1/thumb/v7-m/nofp/crti.o
                0x0000000008002adc                _init
 .init          0x0000000008002ae0        0x8 c:/users/dell/desktop/new folder/vi xu ly/stm32cubeide_1.7.0/stm32cubeide/plugins/com.st.stm32cube.ide.mcu.externaltools.gnu-tools-for-stm32.9-2020-q2-update.win32_2.0.0.202105311346/tools/bin/../lib/gcc/arm-none-eabi/9.3.1/thumb/v7-m/nofp/crtn.o
 *(.fini)
 .fini          0x0000000008002ae8        0x4 c:/users/dell/desktop/new folder/vi xu ly/stm32cubeide_1.7.0/stm32cubeide/plugins/com.st.stm32cube.ide.mcu.externaltools.gnu-tools-for-stm32.9-2020-q2-update.win32_2.0.0.202105311346/tools/bin/../lib/gcc/arm-none-eabi/9.3.1/thumb/v7-m/nofp/crti.o
                0x0000000008002ae8                _fini
 .fini          0x0000000008002aec        0x8 c:/users/dell/desktop/new folder/vi xu ly/stm32cubeide_1.7.0/stm32cubeide/plugins/com.st.stm32cube.ide.mcu.externaltools.gnu-tools-for-stm32.9-2020-q2-update.win32_2.0.0.202105311346/tools/bin/../lib/gcc/arm-none-eabi/9.3.1/thumb/v7-m/nofp/crtn.o
                0x0000000008002af4                . = ALIGN (0x4)
                0x0000000008002af4                _etext = .

.vfp11_veneer   0x0000000008002af4        0x0
 .vfp11_veneer  0x0000000008002af4        0x0 linker stubs

.v4_bx          0x0000000008002af4        0x0
 .v4_bx         0x0000000008002af4        0x0 linker stubs

.iplt           0x0000000008002af4        0x0
 .iplt          0x0000000008002af4        0x0 c:/users/dell/desktop/new folder/vi xu ly/stm32cubeide_1.7.0/stm32cubeide/plugins/com.st.stm32cube.ide.mcu.externaltools.gnu-tools-for-stm32.9-2020-q2-update.win32_2.0.0.202105311346/tools/bin/../lib/gcc/arm-none-eabi/9.3.1/thumb/v7-m/nofp/crtbegin.o

.rodata         0x0000000008002af4       0x24
                0x0000000008002af4                . = ALIGN (0x4)
 *(.rodata)
 *(.rodata*)
 .rodata.AHBPrescTable
                0x0000000008002af4       0x10 ./Core/Src/system_stm32f1xx.o
                0x0000000008002af4                AHBPrescTable
 .rodata.aPLLMULFactorTable.6032
                0x0000000008002b04       0x10 ./Drivers/STM32F1xx_HAL_Driver/Src/stm32f1xx_hal_rcc.o
 .rodata.aPredivFactorTable.6033
                0x0000000008002b14        0x2 ./Drivers/STM32F1xx_HAL_Driver/Src/stm32f1xx_hal_rcc.o
                0x0000000008002b18                . = ALIGN (0x4)
 *fill*         0x0000000008002b16        0x2 

.rel.dyn        0x0000000008002b18        0x0
 .rel.iplt      0x0000000008002b18        0x0 c:/users/dell/desktop/new folder/vi xu ly/stm32cubeide_1.7.0/stm32cubeide/plugins/com.st.stm32cube.ide.mcu.externaltools.gnu-tools-for-stm32.9-2020-q2-update.win32_2.0.0.202105311346/tools/bin/../lib/gcc/arm-none-eabi/9.3.1/thumb/v7-m/nofp/crtbegin.o

.ARM.extab      0x0000000008002b18        0x0
                0x0000000008002b18                . = ALIGN (0x4)
 *(.ARM.extab* .gnu.linkonce.armextab.*)
                0x0000000008002b18                . = ALIGN (0x4)

.ARM            0x0000000008002b18        0x0
                0x0000000008002b18                . = ALIGN (0x4)
                0x0000000008002b18                __exidx_start = .
 *(.ARM.exidx*)
                0x0000000008002b18                __exidx_end = .
                0x0000000008002b18                . = ALIGN (0x4)

.preinit_array  0x0000000008002b18        0x0
                0x0000000008002b18                . = ALIGN (0x4)
                0x0000000008002b18                PROVIDE (__preinit_array_start = .)
 *(.preinit_array*)
                0x0000000008002b18                PROVIDE (__preinit_array_end = .)
                0x0000000008002b18                . = ALIGN (0x4)

.init_array     0x0000000008002b18        0x4
                0x0000000008002b18                . = ALIGN (0x4)
                0x0000000008002b18                PROVIDE (__init_array_start = .)
 *(SORT_BY_NAME(.init_array.*))
 *(.init_array*)
 .init_array    0x0000000008002b18        0x4 c:/users/dell/desktop/new folder/vi xu ly/stm32cubeide_1.7.0/stm32cubeide/plugins/com.st.stm32cube.ide.mcu.externaltools.gnu-tools-for-stm32.9-2020-q2-update.win32_2.0.0.202105311346/tools/bin/../lib/gcc/arm-none-eabi/9.3.1/thumb/v7-m/nofp/crtbegin.o
                0x0000000008002b1c                PROVIDE (__init_array_end = .)
                0x0000000008002b1c                . = ALIGN (0x4)

.fini_array     0x0000000008002b1c        0x4
                0x0000000008002b1c                . = ALIGN (0x4)
                [!provide]                        PROVIDE (__fini_array_start = .)
 *(SORT_BY_NAME(.fini_array.*))
 *(.fini_array*)
 .fini_array    0x0000000008002b1c        0x4 c:/users/dell/desktop/new folder/vi xu ly/stm32cubeide_1.7.0/stm32cubeide/plugins/com.st.stm32cube.ide.mcu.externaltools.gnu-tools-for-stm32.9-2020-q2-update.win32_2.0.0.202105311346/tools/bin/../lib/gcc/arm-none-eabi/9.3.1/thumb/v7-m/nofp/crtbegin.o
                [!provide]                        PROVIDE (__fini_array_end = .)
                0x0000000008002b20                . = ALIGN (0x4)
                0x0000000008002b20                _sidata = LOADADDR (.data)

.data           0x0000000020000000       0x58 load address 0x0000000008002b20
                0x0000000020000000                . = ALIGN (0x4)
                0x0000000020000000                _sdata = .
 *(.data)
 *(.data*)
 .data.led_buffer
                0x0000000020000000       0x10 ./Core/Src/7SEG.o
                0x0000000020000000                led_buffer
 .data.TimerForkeyPress
                0x0000000020000010       0x28 ./Core/Src/button.o
                0x0000000020000010                TimerForkeyPress
 .data.status   0x0000000020000038        0x4 ./Core/Src/fsm_setting.o
                0x0000000020000038                status
 .data.redTime  0x000000002000003c        0x4 ./Core/Src/light.o
                0x000000002000003c                redTime
 .data.yellowTime
                0x0000000020000040        0x4 ./Core/Src/light.o
                0x0000000020000040                yellowTime
 .data.greenTime
                0x0000000020000044        0x4 ./Core/Src/light.o
                0x0000000020000044                greenTime
 .data.TIMER_CYCLE
                0x0000000020000048        0x4 ./Core/Src/software_timer.o
                0x0000000020000048                TIMER_CYCLE
 .data.SystemCoreClock
                0x000000002000004c        0x4 ./Core/Src/system_stm32f1xx.o
                0x000000002000004c                SystemCoreClock
 .data.uwTickPrio
                0x0000000020000050        0x4 ./Drivers/STM32F1xx_HAL_Driver/Src/stm32f1xx_hal.o
                0x0000000020000050                uwTickPrio
 .data.uwTickFreq
                0x0000000020000054        0x1 ./Drivers/STM32F1xx_HAL_Driver/Src/stm32f1xx_hal.o
                0x0000000020000054                uwTickFreq
 *(.RamFunc)
 *(.RamFunc*)
                0x0000000020000058                . = ALIGN (0x4)
 *fill*         0x0000000020000055        0x3 
                0x0000000020000058                _edata = .

.igot.plt       0x0000000020000058        0x0 load address 0x0000000008002b78
 .igot.plt      0x0000000020000058        0x0 c:/users/dell/desktop/new folder/vi xu ly/stm32cubeide_1.7.0/stm32cubeide/plugins/com.st.stm32cube.ide.mcu.externaltools.gnu-tools-for-stm32.9-2020-q2-update.win32_2.0.0.202105311346/tools/bin/../lib/gcc/arm-none-eabi/9.3.1/thumb/v7-m/nofp/crtbegin.o
                0x0000000020000058                . = ALIGN (0x4)

.bss            0x0000000020000058      0x1ec load address 0x0000000008002b78
                0x0000000020000058                _sbss = .
                0x0000000020000058                __bss_start__ = _sbss
 *(.bss)
 .bss           0x0000000020000058       0x1c c:/users/dell/desktop/new folder/vi xu ly/stm32cubeide_1.7.0/stm32cubeide/plugins/com.st.stm32cube.ide.mcu.externaltools.gnu-tools-for-stm32.9-2020-q2-update.win32_2.0.0.202105311346/tools/bin/../lib/gcc/arm-none-eabi/9.3.1/thumb/v7-m/nofp/crtbegin.o
 *(.bss*)
 .bss.KeyReg0   0x0000000020000074       0x28 ./Core/Src/button.o
                0x0000000020000074                KeyReg0
 .bss.KeyReg1   0x000000002000009c       0x28 ./Core/Src/button.o
                0x000000002000009c                KeyReg1
 .bss.KeyReg2   0x00000000200000c4       0x28 ./Core/Src/button.o
                0x00000000200000c4                KeyReg2
 .bss.KeyReg3   0x00000000200000ec       0x28 ./Core/Src/button.o
                0x00000000200000ec                KeyReg3
 .bss.countdownX
                0x0000000020000114        0x4 ./Core/Src/fsm_automatic.o
                0x0000000020000114                countdownX
 .bss.countdownY
                0x0000000020000118        0x4 ./Core/Src/fsm_automatic.o
                0x0000000020000118                countdownY
 .bss.mode      0x000000002000011c        0x4 ./Core/Src/fsm_manual.o
                0x000000002000011c                mode
 .bss.redValue  0x0000000020000120        0x4 ./Core/Src/fsm_manual.o
                0x0000000020000120                redValue
 .bss.yellowValue
                0x0000000020000124        0x4 ./Core/Src/fsm_manual.o
                0x0000000020000124                yellowValue
 .bss.greenValue
                0x0000000020000128        0x4 ./Core/Src/fsm_manual.o
                0x0000000020000128                greenValue
 .bss.idx       0x000000002000012c        0x4 ./Core/Src/main.o
                0x000000002000012c                idx
 *(COMMON)
 COMMON         0x0000000020000130       0x78 ./Core/Src/button.o
                0x0000000020000130                button_flag
                0x0000000020000158                button_pressed
                0x0000000020000180                button_long_pressed
 COMMON         0x00000000200001a8       0x48 ./Core/Src/main.o
                0x00000000200001a8                htim2
 COMMON         0x00000000200001f0       0x50 ./Core/Src/software_timer.o
                0x00000000200001f0                timer_counter
                0x0000000020000218                timer_flag
 COMMON         0x0000000020000240        0x4 ./Drivers/STM32F1xx_HAL_Driver/Src/stm32f1xx_hal.o
                0x0000000020000240                uwTick
                0x0000000020000244                . = ALIGN (0x4)
                0x0000000020000244                _ebss = .
                0x0000000020000244                __bss_end__ = _ebss

._user_heap_stack
                0x0000000020000244      0x604 load address 0x0000000008002b78
                0x0000000020000248                . = ALIGN (0x8)
 *fill*         0x0000000020000244        0x4 
                [!provide]                        PROVIDE (end = .)
                0x0000000020000248                PROVIDE (_end = .)
                0x0000000020000448                . = (. + _Min_Heap_Size)
 *fill*         0x0000000020000248      0x200 
                0x0000000020000848                . = (. + _Min_Stack_Size)
 *fill*         0x0000000020000448      0x400 
                0x0000000020000848                . = ALIGN (0x8)

/DISCARD/
 libc.a(*)
 libm.a(*)
 libgcc.a(*)

.ARM.attributes
                0x0000000000000000       0x29
 *(.ARM.attributes)
 .ARM.attributes
                0x0000000000000000       0x1d c:/users/dell/desktop/new folder/vi xu ly/stm32cubeide_1.7.0/stm32cubeide/plugins/com.st.stm32cube.ide.mcu.externaltools.gnu-tools-for-stm32.9-2020-q2-update.win32_2.0.0.202105311346/tools/bin/../lib/gcc/arm-none-eabi/9.3.1/thumb/v7-m/nofp/crti.o
 .ARM.attributes
                0x000000000000001d       0x2d c:/users/dell/desktop/new folder/vi xu ly/stm32cubeide_1.7.0/stm32cubeide/plugins/com.st.stm32cube.ide.mcu.externaltools.gnu-tools-for-stm32.9-2020-q2-update.win32_2.0.0.202105311346/tools/bin/../lib/gcc/arm-none-eabi/9.3.1/thumb/v7-m/nofp/crtbegin.o
 .ARM.attributes
                0x000000000000004a       0x2d ./Core/Src/7SEG.o
 .ARM.attributes
                0x0000000000000077       0x2d ./Core/Src/button.o
 .ARM.attributes
                0x00000000000000a4       0x2d ./Core/Src/fsm_automatic.o
 .ARM.attributes
                0x00000000000000d1       0x2d ./Core/Src/fsm_manual.o
 .ARM.attributes
                0x00000000000000fe       0x2d ./Core/Src/fsm_setting.o
 .ARM.attributes
                0x000000000000012b       0x2d ./Core/Src/light.o
 .ARM.attributes
                0x0000000000000158       0x2d ./Core/Src/main.o
 .ARM.attributes
                0x0000000000000185       0x2d ./Core/Src/software_timer.o
 .ARM.attributes
                0x00000000000001b2       0x2d ./Core/Src/stm32f1xx_hal_msp.o
 .ARM.attributes
                0x00000000000001df       0x2d ./Core/Src/stm32f1xx_it.o
 .ARM.attributes
                0x000000000000020c       0x2d ./Core/Src/system_stm32f1xx.o
 .ARM.attributes
                0x0000000000000239       0x21 ./Core/Startup/startup_stm32f103c6ux.o
 .ARM.attributes
                0x000000000000025a       0x2d ./Drivers/STM32F1xx_HAL_Driver/Src/stm32f1xx_hal.o
 .ARM.attributes
                0x0000000000000287       0x2d ./Drivers/STM32F1xx_HAL_Driver/Src/stm32f1xx_hal_cortex.o
 .ARM.attributes
                0x00000000000002b4       0x2d ./Drivers/STM32F1xx_HAL_Driver/Src/stm32f1xx_hal_gpio.o
 .ARM.attributes
                0x00000000000002e1       0x2d ./Drivers/STM32F1xx_HAL_Driver/Src/stm32f1xx_hal_rcc.o
 .ARM.attributes
                0x000000000000030e       0x2d ./Drivers/STM32F1xx_HAL_Driver/Src/stm32f1xx_hal_tim.o
 .ARM.attributes
                0x000000000000033b       0x2d ./Drivers/STM32F1xx_HAL_Driver/Src/stm32f1xx_hal_tim_ex.o
 .ARM.attributes
                0x0000000000000368       0x2d c:/users/dell/desktop/new folder/vi xu ly/stm32cubeide_1.7.0/stm32cubeide/plugins/com.st.stm32cube.ide.mcu.externaltools.gnu-tools-for-stm32.9-2020-q2-update.win32_2.0.0.202105311346/tools/bin/../lib/gcc/arm-none-eabi/9.3.1/../../../../arm-none-eabi/lib/thumb/v7-m/nofp\libc_nano.a(lib_a-init.o)
 .ARM.attributes
                0x0000000000000395       0x2d c:/users/dell/desktop/new folder/vi xu ly/stm32cubeide_1.7.0/stm32cubeide/plugins/com.st.stm32cube.ide.mcu.externaltools.gnu-tools-for-stm32.9-2020-q2-update.win32_2.0.0.202105311346/tools/bin/../lib/gcc/arm-none-eabi/9.3.1/../../../../arm-none-eabi/lib/thumb/v7-m/nofp\libc_nano.a(lib_a-memset.o)
 .ARM.attributes
                0x00000000000003c2       0x1d c:/users/dell/desktop/new folder/vi xu ly/stm32cubeide_1.7.0/stm32cubeide/plugins/com.st.stm32cube.ide.mcu.externaltools.gnu-tools-for-stm32.9-2020-q2-update.win32_2.0.0.202105311346/tools/bin/../lib/gcc/arm-none-eabi/9.3.1/thumb/v7-m/nofp/crtn.o
OUTPUT(LAB3.0.elf elf32-littlearm)
LOAD linker stubs
LOAD c:/users/dell/desktop/new folder/vi xu ly/stm32cubeide_1.7.0/stm32cubeide/plugins/com.st.stm32cube.ide.mcu.externaltools.gnu-tools-for-stm32.9-2020-q2-update.win32_2.0.0.202105311346/tools/bin/../lib/gcc/arm-none-eabi/9.3.1/../../../../arm-none-eabi/lib/thumb/v7-m/nofp\libc.a
LOAD c:/users/dell/desktop/new folder/vi xu ly/stm32cubeide_1.7.0/stm32cubeide/plugins/com.st.stm32cube.ide.mcu.externaltools.gnu-tools-for-stm32.9-2020-q2-update.win32_2.0.0.202105311346/tools/bin/../lib/gcc/arm-none-eabi/9.3.1/../../../../arm-none-eabi/lib/thumb/v7-m/nofp\libm.a
LOAD c:/users/dell/desktop/new folder/vi xu ly/stm32cubeide_1.7.0/stm32cubeide/plugins/com.st.stm32cube.ide.mcu.externaltools.gnu-tools-for-stm32.9-2020-q2-update.win32_2.0.0.202105311346/tools/bin/../lib/gcc/arm-none-eabi/9.3.1/thumb/v7-m/nofp\libgcc.a

.debug_info     0x0000000000000000     0x9b4d
 .debug_info    0x0000000000000000      0x484 ./Core/Src/7SEG.o
 .debug_info    0x0000000000000484      0x3b5 ./Core/Src/button.o
 .debug_info    0x0000000000000839      0x30a ./Core/Src/fsm_automatic.o
 .debug_info    0x0000000000000b43      0x2ed ./Core/Src/fsm_manual.o
 .debug_info    0x0000000000000e30      0x293 ./Core/Src/fsm_setting.o
 .debug_info    0x00000000000010c3      0x3c5 ./Core/Src/light.o
 .debug_info    0x0000000000001488      0xce4 ./Core/Src/main.o
 .debug_info    0x000000000000216c       0xf0 ./Core/Src/software_timer.o
 .debug_info    0x000000000000225c      0xa09 ./Core/Src/stm32f1xx_hal_msp.o
 .debug_info    0x0000000000002c65      0x7b9 ./Core/Src/stm32f1xx_it.o
 .debug_info    0x000000000000341e      0x2be ./Core/Src/system_stm32f1xx.o
 .debug_info    0x00000000000036dc       0x22 ./Core/Startup/startup_stm32f103c6ux.o
 .debug_info    0x00000000000036fe      0x74c ./Drivers/STM32F1xx_HAL_Driver/Src/stm32f1xx_hal.o
 .debug_info    0x0000000000003e4a      0xbbe ./Drivers/STM32F1xx_HAL_Driver/Src/stm32f1xx_hal_cortex.o
 .debug_info    0x0000000000004a08      0x701 ./Drivers/STM32F1xx_HAL_Driver/Src/stm32f1xx_hal_gpio.o
 .debug_info    0x0000000000005109      0x893 ./Drivers/STM32F1xx_HAL_Driver/Src/stm32f1xx_hal_rcc.o
 .debug_info    0x000000000000599c     0x2c32 ./Drivers/STM32F1xx_HAL_Driver/Src/stm32f1xx_hal_tim.o
 .debug_info    0x00000000000085ce     0x157f ./Drivers/STM32F1xx_HAL_Driver/Src/stm32f1xx_hal_tim_ex.o

.debug_abbrev   0x0000000000000000     0x1ca7
 .debug_abbrev  0x0000000000000000      0x168 ./Core/Src/7SEG.o
 .debug_abbrev  0x0000000000000168      0x1a4 ./Core/Src/button.o
 .debug_abbrev  0x000000000000030c       0xf5 ./Core/Src/fsm_automatic.o
 .debug_abbrev  0x0000000000000401       0xca ./Core/Src/fsm_manual.o
 .debug_abbrev  0x00000000000004cb       0xca ./Core/Src/fsm_setting.o
 .debug_abbrev  0x0000000000000595      0x14a ./Core/Src/light.o
 .debug_abbrev  0x00000000000006df      0x260 ./Core/Src/main.o
 .debug_abbrev  0x000000000000093f       0xbc ./Core/Src/software_timer.o
 .debug_abbrev  0x00000000000009fb      0x1b7 ./Core/Src/stm32f1xx_hal_msp.o
 .debug_abbrev  0x0000000000000bb2      0x176 ./Core/Src/stm32f1xx_it.o
 .debug_abbrev  0x0000000000000d28      0x14e ./Core/Src/system_stm32f1xx.o
 .debug_abbrev  0x0000000000000e76       0x12 ./Core/Startup/startup_stm32f103c6ux.o
 .debug_abbrev  0x0000000000000e88      0x1ed ./Drivers/STM32F1xx_HAL_Driver/Src/stm32f1xx_hal.o
 .debug_abbrev  0x0000000000001075      0x313 ./Drivers/STM32F1xx_HAL_Driver/Src/stm32f1xx_hal_cortex.o
 .debug_abbrev  0x0000000000001388      0x1e8 ./Drivers/STM32F1xx_HAL_Driver/Src/stm32f1xx_hal_gpio.o
 .debug_abbrev  0x0000000000001570      0x273 ./Drivers/STM32F1xx_HAL_Driver/Src/stm32f1xx_hal_rcc.o
 .debug_abbrev  0x00000000000017e3      0x25e ./Drivers/STM32F1xx_HAL_Driver/Src/stm32f1xx_hal_tim.o
 .debug_abbrev  0x0000000000001a41      0x266 ./Drivers/STM32F1xx_HAL_Driver/Src/stm32f1xx_hal_tim_ex.o

.debug_aranges  0x0000000000000000      0xae8
 .debug_aranges
                0x0000000000000000       0x50 ./Core/Src/7SEG.o
 .debug_aranges
                0x0000000000000050       0x38 ./Core/Src/button.o
 .debug_aranges
                0x0000000000000088       0x38 ./Core/Src/fsm_automatic.o
 .debug_aranges
                0x00000000000000c0       0x20 ./Core/Src/fsm_manual.o
 .debug_aranges
                0x00000000000000e0       0x20 ./Core/Src/fsm_setting.o
 .debug_aranges
                0x0000000000000100       0x90 ./Core/Src/light.o
 .debug_aranges
                0x0000000000000190       0x48 ./Core/Src/main.o
 .debug_aranges
                0x00000000000001d8       0x28 ./Core/Src/software_timer.o
 .debug_aranges
                0x0000000000000200       0x30 ./Core/Src/stm32f1xx_hal_msp.o
 .debug_aranges
                0x0000000000000230       0x68 ./Core/Src/stm32f1xx_it.o
 .debug_aranges
                0x0000000000000298       0x28 ./Core/Src/system_stm32f1xx.o
 .debug_aranges
                0x00000000000002c0       0x28 ./Core/Startup/startup_stm32f103c6ux.o
 .debug_aranges
                0x00000000000002e8       0xe0 ./Drivers/STM32F1xx_HAL_Driver/Src/stm32f1xx_hal.o
 .debug_aranges
                0x00000000000003c8      0x100 ./Drivers/STM32F1xx_HAL_Driver/Src/stm32f1xx_hal_cortex.o
 .debug_aranges
                0x00000000000004c8       0x58 ./Drivers/STM32F1xx_HAL_Driver/Src/stm32f1xx_hal_gpio.o
 .debug_aranges
                0x0000000000000520       0x90 ./Drivers/STM32F1xx_HAL_Driver/Src/stm32f1xx_hal_rcc.o
 .debug_aranges
                0x00000000000005b0      0x3d0 ./Drivers/STM32F1xx_HAL_Driver/Src/stm32f1xx_hal_tim.o
 .debug_aranges
                0x0000000000000980      0x168 ./Drivers/STM32F1xx_HAL_Driver/Src/stm32f1xx_hal_tim_ex.o

.debug_ranges   0x0000000000000000      0x9d0
 .debug_ranges  0x0000000000000000       0x40 ./Core/Src/7SEG.o
 .debug_ranges  0x0000000000000040       0x28 ./Core/Src/button.o
 .debug_ranges  0x0000000000000068       0x28 ./Core/Src/fsm_automatic.o
 .debug_ranges  0x0000000000000090       0x10 ./Core/Src/fsm_manual.o
 .debug_ranges  0x00000000000000a0       0x10 ./Core/Src/fsm_setting.o
 .debug_ranges  0x00000000000000b0       0x80 ./Core/Src/light.o
 .debug_ranges  0x0000000000000130       0x38 ./Core/Src/main.o
 .debug_ranges  0x0000000000000168       0x18 ./Core/Src/software_timer.o
 .debug_ranges  0x0000000000000180       0x20 ./Core/Src/stm32f1xx_hal_msp.o
 .debug_ranges  0x00000000000001a0       0x58 ./Core/Src/stm32f1xx_it.o
 .debug_ranges  0x00000000000001f8       0x18 ./Core/Src/system_stm32f1xx.o
 .debug_ranges  0x0000000000000210       0x20 ./Core/Startup/startup_stm32f103c6ux.o
 .debug_ranges  0x0000000000000230       0xd0 ./Drivers/STM32F1xx_HAL_Driver/Src/stm32f1xx_hal.o
 .debug_ranges  0x0000000000000300       0xf0 ./Drivers/STM32F1xx_HAL_Driver/Src/stm32f1xx_hal_cortex.o
 .debug_ranges  0x00000000000003f0       0x48 ./Drivers/STM32F1xx_HAL_Driver/Src/stm32f1xx_hal_gpio.o
 .debug_ranges  0x0000000000000438       0x80 ./Drivers/STM32F1xx_HAL_Driver/Src/stm32f1xx_hal_rcc.o
 .debug_ranges  0x00000000000004b8      0x3c0 ./Drivers/STM32F1xx_HAL_Driver/Src/stm32f1xx_hal_tim.o
 .debug_ranges  0x0000000000000878      0x158 ./Drivers/STM32F1xx_HAL_Driver/Src/stm32f1xx_hal_tim_ex.o

.debug_macro    0x0000000000000000    0x16f34
 .debug_macro   0x0000000000000000      0x1dc ./Core/Src/7SEG.o
 .debug_macro   0x00000000000001dc      0xa9c ./Core/Src/7SEG.o
 .debug_macro   0x0000000000000c78      0x215 ./Core/Src/7SEG.o
 .debug_macro   0x0000000000000e8d       0x2e ./Core/Src/7SEG.o
 .debug_macro   0x0000000000000ebb       0x22 ./Core/Src/7SEG.o
 .debug_macro   0x0000000000000edd       0x22 ./Core/Src/7SEG.o
 .debug_macro   0x0000000000000eff       0x8e ./Core/Src/7SEG.o
 .debug_macro   0x0000000000000f8d       0x51 ./Core/Src/7SEG.o
 .debug_macro   0x0000000000000fde      0x103 ./Core/Src/7SEG.o
 .debug_macro   0x00000000000010e1       0x6a ./Core/Src/7SEG.o
 .debug_macro   0x000000000000114b      0x1df ./Core/Src/7SEG.o
 .debug_macro   0x000000000000132a       0x1c ./Core/Src/7SEG.o
 .debug_macro   0x0000000000001346       0x22 ./Core/Src/7SEG.o
 .debug_macro   0x0000000000001368       0xc3 ./Core/Src/7SEG.o
 .debug_macro   0x000000000000142b      0xd23 ./Core/Src/7SEG.o
 .debug_macro   0x000000000000214e     0xde75 ./Core/Src/7SEG.o
 .debug_macro   0x000000000000ffc3       0x6d ./Core/Src/7SEG.o
 .debug_macro   0x0000000000010030     0x34a2 ./Core/Src/7SEG.o
 .debug_macro   0x00000000000134d2      0x174 ./Core/Src/7SEG.o
 .debug_macro   0x0000000000013646       0x5c ./Core/Src/7SEG.o
 .debug_macro   0x00000000000136a2      0x5bc ./Core/Src/7SEG.o
 .debug_macro   0x0000000000013c5e      0x1b7 ./Core/Src/7SEG.o
 .debug_macro   0x0000000000013e15      0x1cb ./Core/Src/7SEG.o
 .debug_macro   0x0000000000013fe0      0x114 ./Core/Src/7SEG.o
 .debug_macro   0x00000000000140f4      0x1b2 ./Core/Src/7SEG.o
 .debug_macro   0x00000000000142a6       0x27 ./Core/Src/7SEG.o
 .debug_macro   0x00000000000142cd      0x12f ./Core/Src/7SEG.o
 .debug_macro   0x00000000000143fc      0x1bc ./Core/Src/7SEG.o
 .debug_macro   0x00000000000145b8       0x34 ./Core/Src/7SEG.o
 .debug_macro   0x00000000000145ec       0x3c ./Core/Src/7SEG.o
 .debug_macro   0x0000000000014628       0x57 ./Core/Src/7SEG.o
 .debug_macro   0x000000000001467f       0x87 ./Core/Src/7SEG.o
 .debug_macro   0x0000000000014706      0x183 ./Core/Src/7SEG.o
 .debug_macro   0x0000000000014889      0x140 ./Core/Src/7SEG.o
 .debug_macro   0x00000000000149c9      0x8ed ./Core/Src/7SEG.o
 .debug_macro   0x00000000000152b6       0x69 ./Core/Src/7SEG.o
 .debug_macro   0x000000000001531f      0x10c ./Core/Src/7SEG.o
 .debug_macro   0x000000000001542b       0x34 ./Core/Src/7SEG.o
 .debug_macro   0x000000000001545f       0x40 ./Core/Src/7SEG.o
 .debug_macro   0x000000000001549f      0x1b5 ./Core/Src/button.o
 .debug_macro   0x0000000000015654       0x2e ./Core/Src/button.o
 .debug_macro   0x0000000000015682      0x1e6 ./Core/Src/fsm_automatic.o
 .debug_macro   0x0000000000015868      0x1ea ./Core/Src/fsm_manual.o
 .debug_macro   0x0000000000015a52      0x1e6 ./Core/Src/fsm_setting.o
 .debug_macro   0x0000000000015c38      0x1b4 ./Core/Src/light.o
 .debug_macro   0x0000000000015dec      0x214 ./Core/Src/main.o
 .debug_macro   0x0000000000016000       0x1b ./Core/Src/software_timer.o
 .debug_macro   0x000000000001601b      0x1a6 ./Core/Src/stm32f1xx_hal_msp.o
 .debug_macro   0x00000000000161c1      0x1b0 ./Core/Src/stm32f1xx_it.o
 .debug_macro   0x0000000000016371      0x197 ./Core/Src/system_stm32f1xx.o
 .debug_macro   0x0000000000016508      0x1bb ./Drivers/STM32F1xx_HAL_Driver/Src/stm32f1xx_hal.o
 .debug_macro   0x00000000000166c3      0x197 ./Drivers/STM32F1xx_HAL_Driver/Src/stm32f1xx_hal_cortex.o
 .debug_macro   0x000000000001685a      0x202 ./Drivers/STM32F1xx_HAL_Driver/Src/stm32f1xx_hal_gpio.o
 .debug_macro   0x0000000000016a5c      0x1a9 ./Drivers/STM32F1xx_HAL_Driver/Src/stm32f1xx_hal_rcc.o
 .debug_macro   0x0000000000016c05      0x198 ./Drivers/STM32F1xx_HAL_Driver/Src/stm32f1xx_hal_tim.o
 .debug_macro   0x0000000000016d9d      0x197 ./Drivers/STM32F1xx_HAL_Driver/Src/stm32f1xx_hal_tim_ex.o

.debug_line     0x0000000000000000     0xd37e
 .debug_line    0x0000000000000000      0x89f ./Core/Src/7SEG.o
 .debug_line    0x000000000000089f      0x878 ./Core/Src/button.o
 .debug_line    0x0000000000001117      0x904 ./Core/Src/fsm_automatic.o
 .debug_line    0x0000000000001a1b      0x8c1 ./Core/Src/fsm_manual.o
 .debug_line    0x00000000000022dc      0x809 ./Core/Src/fsm_setting.o
 .debug_line    0x0000000000002ae5      0x91f ./Core/Src/light.o
 .debug_line    0x0000000000003404      0x935 ./Core/Src/main.o
 .debug_line    0x0000000000003d39       0xb9 ./Core/Src/software_timer.o
 .debug_line    0x0000000000003df2      0x7be ./Core/Src/stm32f1xx_hal_msp.o
 .debug_line    0x00000000000045b0      0x85c ./Core/Src/stm32f1xx_it.o
 .debug_line    0x0000000000004e0c      0x800 ./Core/Src/system_stm32f1xx.o
 .debug_line    0x000000000000560c       0x86 ./Core/Startup/startup_stm32f103c6ux.o
 .debug_line    0x0000000000005692      0xa2d ./Drivers/STM32F1xx_HAL_Driver/Src/stm32f1xx_hal.o
 .debug_line    0x00000000000060bf      0xc15 ./Drivers/STM32F1xx_HAL_Driver/Src/stm32f1xx_hal_cortex.o
 .debug_line    0x0000000000006cd4      0xab0 ./Drivers/STM32F1xx_HAL_Driver/Src/stm32f1xx_hal_gpio.o
 .debug_line    0x0000000000007784      0xe39 ./Drivers/STM32F1xx_HAL_Driver/Src/stm32f1xx_hal_rcc.o
 .debug_line    0x00000000000085bd     0x347e ./Drivers/STM32F1xx_HAL_Driver/Src/stm32f1xx_hal_tim.o
 .debug_line    0x000000000000ba3b     0x1943 ./Drivers/STM32F1xx_HAL_Driver/Src/stm32f1xx_hal_tim_ex.o

.debug_str      0x0000000000000000    0x825c1
 .debug_str     0x0000000000000000    0x7f9f4 ./Core/Src/7SEG.o
                                      0x7fd38 (size before relaxing)
 .debug_str     0x000000000007f9f4       0x70 ./Core/Src/button.o
                                      0x7fbe6 (size before relaxing)
 .debug_str     0x000000000007fa64       0x97 ./Core/Src/fsm_automatic.o
                                      0x7fcf6 (size before relaxing)
 .debug_str     0x000000000007fafb       0x57 ./Core/Src/fsm_manual.o
                                      0x7fcbf (size before relaxing)
 .debug_str     0x000000000007fb52       0x3e ./Core/Src/fsm_setting.o
                                      0x7fc9d (size before relaxing)
 .debug_str     0x000000000007fb90       0xda ./Core/Src/light.o
                                      0x7fbd1 (size before relaxing)
 .debug_str     0x000000000007fc6a      0x6df ./Core/Src/main.o
                                      0x804ad (size before relaxing)
 .debug_str     0x0000000000080349       0x26 ./Core/Src/software_timer.o
                                       0x2de8 (size before relaxing)
 .debug_str     0x000000000008036f      0x2ba ./Core/Src/stm32f1xx_hal_msp.o
                                      0x8028a (size before relaxing)
 .debug_str     0x0000000000080629       0xcd ./Core/Src/stm32f1xx_it.o
                                      0x7ffec (size before relaxing)
 .debug_str     0x00000000000806f6       0x52 ./Core/Src/system_stm32f1xx.o
                                      0x7f781 (size before relaxing)
 .debug_str     0x0000000000080748       0x36 ./Core/Startup/startup_stm32f103c6ux.o
                                         0x75 (size before relaxing)
 .debug_str     0x000000000008077e      0x304 ./Drivers/STM32F1xx_HAL_Driver/Src/stm32f1xx_hal.o
                                      0x7fdd8 (size before relaxing)
 .debug_str     0x0000000000080a82      0x300 ./Drivers/STM32F1xx_HAL_Driver/Src/stm32f1xx_hal_cortex.o
                                      0x7fde0 (size before relaxing)
 .debug_str     0x0000000000080d82      0x324 ./Drivers/STM32F1xx_HAL_Driver/Src/stm32f1xx_hal_gpio.o
                                      0x7fb45 (size before relaxing)
 .debug_str     0x00000000000810a6      0x24f ./Drivers/STM32F1xx_HAL_Driver/Src/stm32f1xx_hal_rcc.o
                                      0x7fb7e (size before relaxing)
 .debug_str     0x00000000000812f5      0xdde ./Drivers/STM32F1xx_HAL_Driver/Src/stm32f1xx_hal_tim.o
                                      0x80b67 (size before relaxing)
 .debug_str     0x00000000000820d3      0x4ee ./Drivers/STM32F1xx_HAL_Driver/Src/stm32f1xx_hal_tim_ex.o
                                      0x80308 (size before relaxing)

.comment        0x0000000000000000       0x53
 .comment       0x0000000000000000       0x53 ./Core/Src/7SEG.o
                                         0x54 (size before relaxing)
 .comment       0x0000000000000053       0x54 ./Core/Src/button.o
 .comment       0x0000000000000053       0x54 ./Core/Src/fsm_automatic.o
 .comment       0x0000000000000053       0x54 ./Core/Src/fsm_manual.o
 .comment       0x0000000000000053       0x54 ./Core/Src/fsm_setting.o
 .comment       0x0000000000000053       0x54 ./Core/Src/light.o
 .comment       0x0000000000000053       0x54 ./Core/Src/main.o
 .comment       0x0000000000000053       0x54 ./Core/Src/software_timer.o
 .comment       0x0000000000000053       0x54 ./Core/Src/stm32f1xx_hal_msp.o
 .comment       0x0000000000000053       0x54 ./Core/Src/stm32f1xx_it.o
 .comment       0x0000000000000053       0x54 ./Core/Src/system_stm32f1xx.o
 .comment       0x0000000000000053       0x54 ./Drivers/STM32F1xx_HAL_Driver/Src/stm32f1xx_hal.o
 .comment       0x0000000000000053       0x54 ./Drivers/STM32F1xx_HAL_Driver/Src/stm32f1xx_hal_cortex.o
 .comment       0x0000000000000053       0x54 ./Drivers/STM32F1xx_HAL_Driver/Src/stm32f1xx_hal_gpio.o
 .comment       0x0000000000000053       0x54 ./Drivers/STM32F1xx_HAL_Driver/Src/stm32f1xx_hal_rcc.o
 .comment       0x0000000000000053       0x54 ./Drivers/STM32F1xx_HAL_Driver/Src/stm32f1xx_hal_tim.o
 .comment       0x0000000000000053       0x54 ./Drivers/STM32F1xx_HAL_Driver/Src/stm32f1xx_hal_tim_ex.o

.debug_frame    0x0000000000000000     0x2aa4
 .debug_frame   0x0000000000000000      0x110 ./Core/Src/7SEG.o
 .debug_frame   0x0000000000000110       0xac ./Core/Src/button.o
 .debug_frame   0x00000000000001bc       0x88 ./Core/Src/fsm_automatic.o
 .debug_frame   0x0000000000000244       0x2c ./Core/Src/fsm_manual.o
 .debug_frame   0x0000000000000270       0x2c ./Core/Src/fsm_setting.o
 .debug_frame   0x000000000000029c      0x1e4 ./Core/Src/light.o
 .debug_frame   0x0000000000000480       0xd4 ./Core/Src/main.o
 .debug_frame   0x0000000000000554       0x60 ./Core/Src/software_timer.o
 .debug_frame   0x00000000000005b4       0x80 ./Core/Src/stm32f1xx_hal_msp.o
 .debug_frame   0x0000000000000634      0x120 ./Core/Src/stm32f1xx_it.o
 .debug_frame   0x0000000000000754       0x58 ./Core/Src/system_stm32f1xx.o
 .debug_frame   0x00000000000007ac      0x334 ./Drivers/STM32F1xx_HAL_Driver/Src/stm32f1xx_hal.o
 .debug_frame   0x0000000000000ae0      0x428 ./Drivers/STM32F1xx_HAL_Driver/Src/stm32f1xx_hal_cortex.o
 .debug_frame   0x0000000000000f08      0x14c ./Drivers/STM32F1xx_HAL_Driver/Src/stm32f1xx_hal_gpio.o
 .debug_frame   0x0000000000001054      0x218 ./Drivers/STM32F1xx_HAL_Driver/Src/stm32f1xx_hal_rcc.o
 .debug_frame   0x000000000000126c     0x11b4 ./Drivers/STM32F1xx_HAL_Driver/Src/stm32f1xx_hal_tim.o
 .debug_frame   0x0000000000002420      0x638 ./Drivers/STM32F1xx_HAL_Driver/Src/stm32f1xx_hal_tim_ex.o
 .debug_frame   0x0000000000002a58       0x2c c:/users/dell/desktop/new folder/vi xu ly/stm32cubeide_1.7.0/stm32cubeide/plugins/com.st.stm32cube.ide.mcu.externaltools.gnu-tools-for-stm32.9-2020-q2-update.win32_2.0.0.202105311346/tools/bin/../lib/gcc/arm-none-eabi/9.3.1/../../../../arm-none-eabi/lib/thumb/v7-m/nofp\libc_nano.a(lib_a-init.o)
 .debug_frame   0x0000000000002a84       0x20 c:/users/dell/desktop/new folder/vi xu ly/stm32cubeide_1.7.0/stm32cubeide/plugins/com.st.stm32cube.ide.mcu.externaltools.gnu-tools-for-stm32.9-2020-q2-update.win32_2.0.0.202105311346/tools/bin/../lib/gcc/arm-none-eabi/9.3.1/../../../../arm-none-eabi/lib/thumb/v7-m/nofp\libc_nano.a(lib_a-memset.o)
